ARM Linker, 5.03 [Build 24] [MDK-ARM Standard]

==============================================================================

Section Cross References

    startup_stm32f10x_md.o(STACK) refers (Special) to heapauxi.o(.text) for __use_two_region_memory
    startup_stm32f10x_md.o(HEAP) refers (Special) to heapauxi.o(.text) for __use_two_region_memory
    startup_stm32f10x_md.o(RESET) refers (Special) to heapauxi.o(.text) for __use_two_region_memory
    startup_stm32f10x_md.o(RESET) refers to startup_stm32f10x_md.o(STACK) for __initial_sp
    startup_stm32f10x_md.o(RESET) refers to startup_stm32f10x_md.o(.text) for Reset_Handler
    startup_stm32f10x_md.o(RESET) refers to stm32f10x_it.o(.text) for NMI_Handler
    startup_stm32f10x_md.o(RESET) refers to control.o(.text) for TIM1_UP_IRQHandler
    startup_stm32f10x_md.o(RESET) refers to usart3.o(.text) for USART3_IRQHandler
    startup_stm32f10x_md.o(.text) refers (Special) to heapauxi.o(.text) for __use_two_region_memory
    startup_stm32f10x_md.o(.text) refers to __main.o(!!!main) for __main
    startup_stm32f10x_md.o(.text) refers to startup_stm32f10x_md.o(HEAP) for Heap_Mem
    startup_stm32f10x_md.o(.text) refers to startup_stm32f10x_md.o(STACK) for Stack_Mem
    minibalance.o(.text) refers to _printf_percent.o(.ARM.Collect$$_printf_percent$$00000000) for _printf_percent
    minibalance.o(.text) refers to _printf_d.o(.ARM.Collect$$_printf_percent$$00000009) for _printf_d
    minibalance.o(.text) refers to _printf_f.o(.ARM.Collect$$_printf_percent$$00000003) for _printf_f
    minibalance.o(.text) refers to _printf_dec.o(.text) for _printf_int_dec
    minibalance.o(.text) refers to printf1.o(x$fpl$printf1) for _printf_fp_dec
    minibalance.o(.text) refers to sys.o(.text) for Stm32_Clock_Init
    minibalance.o(.text) refers to delay.o(.text) for delay_init
    minibalance.o(.text) refers to led.o(.text) for LED_Init
    minibalance.o(.text) refers to key.o(.text) for KEY_Init
    minibalance.o(.text) refers to usart.o(.text) for uart_init
    minibalance.o(.text) refers to usart3.o(.text) for uart3_init
    minibalance.o(.text) refers to adc.o(.text) for Adc_Init
    minibalance.o(.text) refers to motor.o(.text) for MiniBalance_PWM_Init
    minibalance.o(.text) refers to encoder.o(.text) for Encoder_Init_TIM2
    minibalance.o(.text) refers to ioi2c.o(.text) for IIC_Init
    minibalance.o(.text) refers to mpu6050.o(.text) for MPU6050_initialize
    minibalance.o(.text) refers to timer.o(.text) for Timer1_Init
    minibalance.o(.text) refers to fflt_clz.o(x$fpl$fflt) for __aeabi_i2f
    minibalance.o(.text) refers to f2d.o(x$fpl$f2d) for __aeabi_f2d
    minibalance.o(.text) refers to noretval__2printf.o(.text) for __2printf
    minibalance.o(.text) refers to fleqf.o(x$fpl$fleqf) for __aeabi_cfcmple
    minibalance.o(.text) refers to faddsub_clz.o(x$fpl$fadd) for __aeabi_fadd
    minibalance.o(.text) refers to minibalance.o(.data) for Way_Angle
    minibalance.o(.text) refers to mpu6050.o(.data) for Pitch
    system_stm32f10x.o(.text) refers to system_stm32f10x.o(.data) for SystemCoreClock
    delay.o(.text) refers to delay.o(.data) for fac_us
    sys.o(.text) refers to sys.o(.emb_text) for WFI_SET
    usart.o(.text) refers (Special) to use_no_semi_2.o(.text) for __use_no_semihosting
    usart.o(.text) refers to fflt_clz.o(x$fpl$ffltu) for __aeabi_ui2f
    usart.o(.text) refers to fdiv.o(x$fpl$fdiv) for __aeabi_fdiv
    usart.o(.text) refers to ffixu.o(x$fpl$ffixu) for __aeabi_f2uiz
    usart.o(.text) refers to faddsub_clz.o(x$fpl$frsb) for __aeabi_frsub
    usart.o(.text) refers to fmul.o(x$fpl$fmul) for __aeabi_fmul
    usart.o(.text) refers to minibalance.o(.data) for Flag_Show
    usart.o(.data) refers (Special) to use_no_semi_2.o(.text) for __use_no_semihosting
    led.o(.text) refers to led.o(.data) for temp
    key.o(.text) refers to key.o(.data) for flag_key
    oled.o(.text) refers to delay.o(.text) for delay_ms
    oled.o(.text) refers to oled.o(.bss) for OLED_GRAM
    oled.o(.text) refers to oled.o(.constdata) for oled_asc2_1206
    usart3.o(.text) refers to fflt_clz.o(x$fpl$ffltu) for __aeabi_ui2f
    usart3.o(.text) refers to fdiv.o(x$fpl$fdiv) for __aeabi_fdiv
    usart3.o(.text) refers to ffixu.o(x$fpl$ffixu) for __aeabi_f2uiz
    usart3.o(.text) refers to faddsub_clz.o(x$fpl$frsb) for __aeabi_frsub
    usart3.o(.text) refers to fmul.o(x$fpl$fmul) for __aeabi_fmul
    usart3.o(.text) refers to sys.o(.text) for MY_NVIC_Init
    usart3.o(.text) refers to usart3.o(.data) for uart_receive
    usart3.o(.text) refers to minibalance.o(.data) for Flag_Stop
    adc.o(.text) refers to dflt_clz.o(x$fpl$dfltu) for __aeabi_ui2d
    adc.o(.text) refers to dmul.o(x$fpl$dmul) for __aeabi_dmul
    adc.o(.text) refers to ddiv.o(x$fpl$ddiv) for __aeabi_ddiv
    adc.o(.text) refers to dfix.o(x$fpl$dfix) for __aeabi_d2iz
    timer.o(.text) refers to sys.o(.text) for MY_NVIC_Init
    ioi2c.o(.text) refers to delay.o(.text) for delay_us
[...]
    .ARM.Collect$$libshutdown$$00000000      0x080001a4   Section        2  libshutdown.o(.ARM.Collect$$libshutdown$$00000000)
    .ARM.Collect$$libshutdown$$00000003      0x080001a6   Section        0  libshutdown2.o(.ARM.Collect$$libshutdown$$00000003)
    .ARM.Collect$$libshutdown$$00000006      0x080001a6   Section        0  libshutdown2.o(.ARM.Collect$$libshutdown$$00000006)
    .ARM.Collect$$libshutdown$$00000009      0x080001a6   Section        0  libshutdown2.o(.ARM.Collect$$libshutdown$$00000009)
    .ARM.Collect$$libshutdown$$0000000B      0x080001a6   Section        0  libshutdown2.o(.ARM.Collect$$libshutdown$$0000000B)
    .ARM.Collect$$libshutdown$$0000000E      0x080001a6   Section        0  libshutdown2.o(.ARM.Collect$$libshutdown$$0000000E)
    .ARM.Collect$$libshutdown$$0000000F      0x080001a6   Section        2  libshutdown2.o(.ARM.Collect$$libshutdown$$0000000F)
    .ARM.Collect$$rtentry$$00000000          0x080001a8   Section        0  rtentry.o(.ARM.Collect$$rtentry$$00000000)
    .ARM.Collect$$rtentry$$00000002          0x080001a8   Section        0  rtentry2.o(.ARM.Collect$$rtentry$$00000002)
    .ARM.Collect$$rtentry$$00000004          0x080001a8   Section        6  rtentry4.o(.ARM.Collect$$rtentry$$00000004)
    .ARM.Collect$$rtentry$$00000009          0x080001ae   Section        0  rtentry2.o(.ARM.Collect$$rtentry$$00000009)
    .ARM.Collect$$rtentry$$0000000A          0x080001ae   Section        4  rtentry2.o(.ARM.Collect$$rtentry$$0000000A)
    .ARM.Collect$$rtentry$$0000000C          0x080001b2   Section        0  rtentry2.o(.ARM.Collect$$rtentry$$0000000C)
    .ARM.Collect$$rtentry$$0000000D          0x080001b2   Section        8  rtentry2.o(.ARM.Collect$$rtentry$$0000000D)
    .ARM.Collect$$rtexit$$00000000           0x080001ba   Section        2  rtexit.o(.ARM.Collect$$rtexit$$00000000)
    .ARM.Collect$$rtexit$$00000002           0x080001bc   Section        0  rtexit2.o(.ARM.Collect$$rtexit$$00000002)
    .ARM.Collect$$rtexit$$00000003           0x080001bc   Section        4  rtexit2.o(.ARM.Collect$$rtexit$$00000003)
    .ARM.Collect$$rtexit$$00000004           0x080001c0   Section        6  rtexit2.o(.ARM.Collect$$rtexit$$00000004)
    .emb_text                                0x080001c8   Section       12  sys.o(.emb_text)
    .text                                    0x080001d4   Section       56  startup_stm32f10x_md.o(.text)
    .text                                    0x0800020c   Section        0  minibalance.o(.text)
    .text                                    0x080003c0   Section        0  stm32f10x_it.o(.text)
    .text                                    0x080003dc   Section        0  delay.o(.text)
    .text                                    0x08000488   Section        0  sys.o(.text)
    .text                                    0x08000744   Section        0  usart.o(.text)
    .text                                    0x0800084c   Section        0  led.o(.text)
    .text                                    0x080008bc   Section        0  key.o(.text)
    .text                                    0x080009bc   Section        0  usart3.o(.text)
    .text                                    0x08000d0c   Section        0  adc.o(.text)
    .text                                    0x08000ee4   Section        0  timer.o(.text)
    .text                                    0x08000f40   Section        0  motor.o(.text)
    .text                                    0x08001010   Section        0  encoder.o(.text)
    .text                                    0x08001164   Section        0  ioi2c.o(.text)
    .text                                    0x08001678   Section        0  control.o(.text)
    .text                                    0x08001de8   Section        0  inv_mpu.o(.text)
    set_int_enable                           0x08001de9   Thumb Code   138  inv_mpu.o(.text)
    get_accel_prod_shift                     0x08003021   Thumb Code   168  inv_mpu.o(.text)
    accel_self_test                          0x080030c9   Thumb Code   160  inv_mpu.o(.text)
    gyro_self_test                           0x08003169   Thumb Code   276  inv_mpu.o(.text)
    get_st_biases                            0x0800327d   Thumb Code  1136  inv_mpu.o(.text)
    .text                                    0x08003c60   Section        0  inv_mpu_dmp_motion_driver.o(.text)
    decode_gesture                           0x08004715   Thumb Code    94  inv_mpu_dmp_motion_driver.o(.text)
    .text                                    0x080049c4   Section        0  filter.o(.text)
    .text                                    0x08004ccc   Section        0  mpu6050.o(.text)
    inv_row_2_scale                          0x08004ccd   Thumb Code    78  mpu6050.o(.text)
    inv_orientation_matrix_to_scalar         0x08004d1b   Thumb Code    40  mpu6050.o(.text)
    run_self_test                            0x08004d43   Thumb Code   150  mpu6050.o(.text)
    .text                                    0x080055a8   Section        2  use_no_semi_2.o(.text)
    .text                                    0x080055aa   Section       72  llsdiv.o(.text)
    .text                                    0x080055f4   Section        0  noretval__2printf.o(.text)
    .text                                    0x0800560c   Section        0  __printf.o(.text)
    .text                                    0x08005674   Section        0  _printf_dec.o(.text)
    .text                                    0x080056ec   Section        0  memcmp.o(.text)
    .text                                    0x08005744   Section       16  aeabi_memset.o(.text)
    .text                                    0x08005754   Section        0  heapauxi.o(.text)
    .text                                    0x0800575a   Section        2  use_no_semi.o(.text)
    .text                                    0x0800575c   Section      238  lludivv7m.o(.text)
    .text                                    0x0800584a   Section        0  _rserrno.o(.text)
    .text                                    0x08005860   Section        0  _printf_intcommon.o(.text)
    .text                                    0x08005918   Section        0  _printf_fp_dec.o(.text)
    _fp_digits                               0x0800591b   Thumb Code   426  _printf_fp_dec.o(.text)
    .text                                    0x08005d38   Section        0  _printf_char_file.o(.text)
    .text                                    0x08005d5c   Section       68  rt_memclr.o(.text)
    .text                                    0x08005da0   Section        8  rt_locale_intlibspace.o(.text)
    .text                                    0x08005da8   Section        8  rt_errno_addr_intlibspace.o(.text)
    .text                                    0x08005db0   Section      138  lludiv10.o(.text)
    .text                                    0x08005e3c   Section        0  _printf_char_common.o(.text)
    _printf_input_char                       0x08005e3d   Thumb Code    10  _printf_char_common.o(.text)
    .text                                    0x08005e6c   Section        0  _printf_fp_infnan.o(.text)
    .text                                    0x08005eec   Section        0  bigflt0.o(.text)
    .text                                    0x08005fd0   Section        0  ferror.o(.text)
    .text                                    0x08005fd8   Section       78  rt_memclr_w.o(.text)
    .text                                    0x08006028   Section        8  libspace.o(.text)
    .text                                    0x08006030   Section       74  sys_stackheap_outer.o(.text)
    .text                                    0x0800607a   Section        0  exit.o(.text)
    .text                                    0x08006088   Section      128  strcmpv7m.o(.text)
    CL$$btod_d2e                             0x08006108   Section       62  btod.o(CL$$btod_d2e)
    CL$$btod_d2e_denorm_low                  0x08006146   Section       70  btod.o(CL$$btod_d2e_denorm_low)
    CL$$btod_d2e_norm_op1                    0x0800618c   Section       96  btod.o(CL$$btod_d2e_norm_op1)
    CL$$btod_div_common                      0x080061ec   Section      824  btod.o(CL$$btod_div_common)
    CL$$btod_e2e                             0x08006524   Section      198  btod.o(CL$$btod_e2e)
    CL$$btod_ediv                            0x080065ea   Section       40  btod.o(CL$$btod_ediv)
    CL$$btod_emul                            0x08006612   Section       40  btod.o(CL$$btod_emul)
    CL$$btod_mult_common                     0x0800663a   Section      580  btod.o(CL$$btod_mult_common)
    i.__ARM_fpclassify                       0x0800687e   Section        0  fpclassify.o(i.__ARM_fpclassify)
    i.__kernel_poly                          0x080068a6   Section        0  poly.o(i.__kernel_poly)
    i.__mathlib_dbl_underflow                0x08006950   Section        0  dunder.o(i.__mathlib_dbl_underflow)
    i.asin                                   0x08006960   Section        0  asin.o(i.asin)
    i.atan                                   0x08006bdc   Section        0  atan.o(i.atan)
    i.atan2                                  0x08006e00   Section        0  atan2.o(i.atan2)
    i.sqrt                                   0x08006f80   Section        0  sqrt.o(i.sqrt)
    locale$$code                             0x08006fd0   Section       44  lc_numeric_c.o(locale$$code)
    x$fpl$d2f                                0x08006ffc   Section       98  d2f.o(x$fpl$d2f)
    x$fpl$dadd                               0x08007060   Section      336  daddsub_clz.o(x$fpl$dadd)
    _dadd1                                   0x08007071   Thumb Code     0  daddsub_clz.o(x$fpl$dadd)
    x$fpl$dcheck1                            0x080071b0   Section       16  dcheck1.o(x$fpl$dcheck1)
    x$fpl$dcmpinf                            0x080071c0   Section       24  dcmpi.o(x$fpl$dcmpinf)
    x$fpl$ddiv                               0x080071d8   Section      688  ddiv.o(x$fpl$ddiv)
    ddiv_entry                               0x080071df   Thumb Code     0  ddiv.o(x$fpl$ddiv)
    x$fpl$dfix                               0x08007488   Section       94  dfix.o(x$fpl$dfix)
    x$fpl$dfltu                              0x080074e6   Section       38  dflt_clz.o(x$fpl$dfltu)
    x$fpl$dleqf                              0x0800750c   Section      120  dleqf.o(x$fpl$dleqf)
    x$fpl$dmul                               0x08007584   Section      340  dmul.o(x$fpl$dmul)
    x$fpl$dnaninf                            0x080076d8   Section      156  dnaninf.o(x$fpl$dnaninf)
    x$fpl$dretinf                            0x08007774   Section       12  dretinf.o(x$fpl$dretinf)
    x$fpl$drsb                               0x08007780   Section       22  daddsub_clz.o(x$fpl$drsb)
    x$fpl$dsqrt                              0x08007798   Section      460  dsqrt_noumaal.o(x$fpl$dsqrt)
    x$fpl$dsub                               0x08007964   Section      468  daddsub_clz.o(x$fpl$dsub)
    _dsub1                                   0x08007975   Thumb Code     0  daddsub_clz.o(x$fpl$dsub)
    x$fpl$f2d                                0x08007b38   Section       86  f2d.o(x$fpl$f2d)
    x$fpl$fadd                               0x08007b90   Section      196  faddsub_clz.o(x$fpl$fadd)
    _fadd1                                   0x08007b9f   Thumb Code     0  faddsub_clz.o(x$fpl$fadd)
    x$fpl$fcmpinf                            0x08007c54   Section       24  fcmpi.o(x$fpl$fcmpinf)
    x$fpl$fdiv                               0x08007c6c   Section      388  fdiv.o(x$fpl$fdiv)
    _fdiv1                                   0x08007c6d   Thumb Code     0  fdiv.o(x$fpl$fdiv)
    x$fpl$feqf                               0x08007df0   Section      104  feqf.o(x$fpl$feqf)
    x$fpl$ffix                               0x08007e58   Section       54  ffix.o(x$fpl$ffix)
    x$fpl$ffixu                              0x08007e90   Section       62  ffixu.o(x$fpl$ffixu)
    x$fpl$fflt                               0x08007ed0   Section       48  fflt_clz.o(x$fpl$fflt)
    x$fpl$ffltu                              0x08007f00   Section       38  fflt_clz.o(x$fpl$ffltu)
    x$fpl$fleqf                              0x08007f28   Section      104  fleqf.o(x$fpl$fleqf)
    x$fpl$fmul                               0x08007f90   Section      258  fmul.o(x$fpl$fmul)
    x$fpl$fnaninf                            0x08008092   Section      140  fnaninf.o(x$fpl$fnaninf)
    x$fpl$fretinf                            0x0800811e   Section       10  fretinf.o(x$fpl$fretinf)
    x$fpl$frleqf                             0x08008128   Section       98  frleqf.o(x$fpl$frleqf)
    x$fpl$frsb                               0x0800818a   Section       20  faddsub_clz.o(x$fpl$frsb)
    x$fpl$fsub                               0x080081a0   Section      234  faddsub_clz.o(x$fpl$fsub)
    _fsub1                                   0x080081af   Thumb Code     0  faddsub_clz.o(x$fpl$fsub)
    x$fpl$printf1                            0x0800828a   Section        4  printf1.o(x$fpl$printf1)
    x$fpl$retnan                             0x0800828e   Section      100  retnan.o(x$fpl$retnan)
    x$fpl$scalbn                             0x080082f2   Section       92  scalbn.o(x$fpl$scalbn)
    x$fpl$trapveneer                         0x0800834e   Section       48  trapv.o(x$fpl$trapveneer)
    x$fpl$usenofp                            0x0800837e   Section        0  usenofp.o(x$fpl$usenofp)
    .constdata                               0x08008380   Section      158  inv_mpu.o(.constdata)
    .constdata                               0x0800841e   Section     3062  inv_mpu_dmp_motion_driver.o(.constdata)
    dmp_memory                               0x0800841e   Data        3062  inv_mpu_dmp_motion_driver.o(.constdata)
    .constdata                               0x08009018   Section       80  asin.o(.constdata)
    pS                                       0x08009018   Data          48  asin.o(.constdata)
    qS                                       0x08009048   Data          32  asin.o(.constdata)
    .constdata                               0x08009068   Section      152  atan.o(.constdata)
    atanhi                                   0x08009068   Data          32  atan.o(.constdata)
    atanlo                                   0x08009088   Data          32  atan.o(.constdata)
    aTodd                                    0x080090a8   Data          40  atan.o(.constdata)
    aTeven                                   0x080090d0   Data          48  atan.o(.constdata)
    .constdata                               0x08009100   Section        8  qnan.o(.constdata)
    .constdata                               0x08009108   Section      148  bigflt0.o(.constdata)
    tenpwrs_x                                0x08009108   Data          60  bigflt0.o(.constdata)
    tenpwrs_i                                0x08009144   Data          64  bigflt0.o(.constdata)
    locale$$data                             0x080091bc   Section       28  lc_numeric_c.o(locale$$data)
    __lcnum_c_name                           0x080091c0   Data           2  lc_numeric_c.o(locale$$data)
    __lcnum_c_start                          0x080091c8   Data           0  lc_numeric_c.o(locale$$data)
    __lcnum_c_point                          0x080091d4   Data           0  lc_numeric_c.o(locale$$data)
    __lcnum_c_thousands                      0x080091d6   Data           0  lc_numeric_c.o(locale$$data)
    __lcnum_c_grouping                       0x080091d7   Data           0  lc_numeric_c.o(locale$$data)
    __lcnum_c_end                            0x080091d8   Data           0  lc_numeric_c.o(locale$$data)
    .data                                    0x20000000   Section       48  minibalance.o(.data)
    .data                                    0x20000030   Section        4  delay.o(.data)
    fac_us                                   0x20000030   Data           1  delay.o(.data)
    fac_ms                                   0x20000032   Data           2  delay.o(.data)
    .data                                    0x20000034   Section        4  usart.o(.data)
    .data                                    0x20000038   Section        4  led.o(.data)
    temp                                     0x20000038   Data           4  led.o(.data)
    .data                                    0x2000003c   Section        7  key.o(.data)
    flag_key                                 0x2000003c   Data           1  key.o(.data)
    count_key                                0x2000003d   Data           1  key.o(.data)
    double_key                               0x2000003e   Data           1  key.o(.data)
    count_single                             0x20000040   Data           2  key.o(.data)
    flag_key                                 0x20000042   Data           1  key.o(.data)
    .data                                    0x20000044   Section       21  usart3.o(.data)
    uart_receive                             0x2000004c   Data           4  usart3.o(.data)
    .data                                    0x2000005c   Section       53  control.o(.data)
    Velocity                                 0x2000005c   Data           4  control.o(.data)
    Encoder_Least                            0x20000060   Data           4  control.o(.data)
    Encoder                                  0x20000064   Data           4  control.o(.data)
    Movement                                 0x20000068   Data           4  control.o(.data)
    Encoder_Integral                         0x2000006c   Data           4  control.o(.data)
    Turn_Target                              0x20000070   Data           4  control.o(.data)
    Turn                                     0x20000074   Data           4  control.o(.data)
    Encoder_temp                             0x20000078   Data           4  control.o(.data)
    Turn_Convert                             0x2000007c   Data           4  control.o(.data)
    Turn_Count                               0x20000080   Data           4  control.o(.data)
    .data                                    0x20000094   Section       44  inv_mpu.o(.data)
    st                                       0x20000094   Data          44  inv_mpu.o(.data)
    .data                                    0x200000c0   Section       84  filter.o(.data)
    .data                                    0x20000114   Section       60  mpu6050.o(.data)
    gyro_orientation                         0x20000124   Data           9  mpu6050.o(.data)
    .bss                                     0x20000150   Section       16  inv_mpu_dmp_motion_driver.o(.bss)
    dmp                                      0x20000150   Data          16  inv_mpu_dmp_motion_driver.o(.bss)
    .bss                                     0x20000160   Section       16  filter.o(.bss)
    .bss                                     0x20000170   Section      146  mpu6050.o(.bss)
    .bss                                     0x20000204   Section       96  libspace.o(.bss)
    HEAP                                     0x20000268   Section      512  startup_stm32f10x_md.o(HEAP)
    Heap_Mem                                 0x20000268   Data         512  startup_stm32f10x_md.o(HEAP)
    STACK                                    0x20000468   Section     1024  startup_stm32f10x_md.o(STACK)
    Stack_Mem                                0x20000468   Data        1024  startup_stm32f10x_md.o(STACK)
    __initial_sp                             0x20000868   Data           0  startup_stm32f10x_md.o(STACK)

    Global Symbols

    Symbol Name                              Value     Ov Type        Size  Object(Section)

    BuildAttributes$$THM_ISAv4$P$D$K$B$S$PE$A:L22UL41UL21$X:L11$S22US41US21$IEEE1$IW$USESV6$~STKCKD$USESV7$~SHL$OTIME$ROPI$IEEEX$EBA8$UX$STANDARDLIB$REQ8$PRES8$EABIv2 0x00000000   Number         0  anon$$obj.o ABSOLUTE
    __ARM_use_no_argv                        0x00000000   Number         0  minibalance.o ABSOLUTE
    __ARM_exceptions_init                     - Undefined Weak Reference
    __alloca_initialize                       - Undefined Weak Reference
    __cpp_initialize__aeabi_                  - Undefined Weak Reference
    __cxa_finalize                            - Undefined Weak Reference
    __sigvec_lookup                           - Undefined Weak Reference
    _atexit_init                              - Undefined Weak Reference
    _call_atexit_fns                          - Undefined Weak Reference
    _clock_init                               - Undefined Weak Reference
    _fp_trap_init                             - Undefined Weak Reference
    _fp_trap_shutdown                         - Undefined Weak Reference
    _get_lc_collate                           - Undefined Weak Reference
    _get_lc_ctype                             - Undefined Weak Reference
    _get_lc_monetary                          - Undefined Weak Reference
    _get_lc_time                              - Undefined Weak Reference
    _getenv_init                              - Undefined Weak Reference
    _handle_redirection                       - Undefined Weak Reference
    _init_alloc                               - Undefined Weak Reference
    _init_user_alloc                          - Undefined Weak Reference
    _initio                                   - Undefined Weak Reference
    _mutex_acquire                            - Undefined Weak Reference
    _mutex_release                            - Undefined Weak Reference
    _printf_post_padding                      - Undefined Weak Reference
    _printf_pre_padding                       - Undefined Weak Reference
    _printf_truncate_signed                   - Undefined Weak Reference
    _printf_truncate_unsigned                 - Undefined Weak Reference
    _rand_init                                - Undefined Weak Reference
    _signal_finish                            - Undefined Weak Reference
    _signal_init                              - Undefined Weak Reference
    _terminate_alloc                          - Undefined Weak Reference
    _terminate_user_alloc                     - Undefined Weak Reference
    _terminateio                              - Undefined Weak Reference
    __Vectors_Size                           0x000000ec   Number         0  startup_stm32f10x_md.o ABSOLUTE
    __Vectors                                0x08000000   Data           4  startup_stm32f10x_md.o(RESET)
    __Vectors_End                            0x080000ec   Data           0  startup_stm32f10x_md.o(RESET)
    __main                                   0x080000ed   Thumb Code     8  __main.o(!!!main)
    __scatterload                            0x080000f5   Thumb Code     0  __scatter.o(!!!scatter)
    __scatterload_rt2                        0x080000f5   Thumb Code    44  __scatter.o(!!!scatter)
    __scatterload_rt2_thumb_only             0x080000f5   Thumb Code     0  __scatter.o(!!!scatter)
    __scatterload_null                       0x08000103   Thumb Code     0  __scatter.o(!!!scatter)
    __decompress                             0x08000129   Thumb Code    58  __dczerorl.o(!!dczerorl)
    __decompress0                            0x08000129   Thumb Code     0  __dczerorl.o(!!dczerorl)
    __scatterload_zeroinit                   0x08000165   Thumb Code    28  __scatter_zi.o(!!handler_zi)
    _printf_f                                0x08000181   Thumb Code     0  _printf_f.o(.ARM.Collect$$_printf_percent$$00000003)
    _printf_percent                          0x08000181   Thumb Code     0  _printf_percent.o(.ARM.Collect$$_printf_percent$$00000000)
    _printf_d                                0x08000187   Thumb Code     0  _printf_d.o(.ARM.Collect$$_printf_percent$$00000009)
    _printf_percent_end                      0x0800018d   Thumb Code     0  _printf_percent_end.o(.ARM.Collect$$_printf_percent$$00000017)
    __rt_lib_init                            0x08000191   Thumb Code     0  libinit.o(.ARM.Collect$$libinit$$00000000)
    __rt_lib_init_fp_1                       0x08000193   Thumb Code     0  libinit2.o(.ARM.Collect$$libinit$$00000002)
    __rt_lib_init_heap_1                     0x08000193   Thumb Code     0  libinit2.o(.ARM.Collect$$libinit$$00000008)
    __rt_lib_init_lc_common                  0x08000193   Thumb Code     0  libinit2.o(.ARM.Collect$$libinit$$0000000D)
    __rt_lib_init_rand_1                     0x08000193   Thumb Code     0  libinit2.o(.ARM.Collect$$libinit$$0000000C)
    __rt_lib_init_user_alloc_1               0x08000193   Thumb Code     0  libinit2.o(.ARM.Collect$$libinit$$0000000A)
    __rt_lib_init_lc_collate_1               0x08000199   Thumb Code     0  libinit2.o(.ARM.Collect$$libinit$$0000000F)
    __rt_lib_init_lc_ctype_1                 0x08000199   Thumb Code     0  libinit2.o(.ARM.Collect$$libinit$$00000011)
    __rt_lib_init_lc_monetary_1              0x08000199   Thumb Code     0  libinit2.o(.ARM.Collect$$libinit$$00000013)
    __rt_lib_init_lc_numeric_2               0x08000199   Thumb Code     0  libinit2.o(.ARM.Collect$$libinit$$00000014)
    __rt_lib_init_alloca_1                   0x080001a3   Thumb Code     0  libinit2.o(.ARM.Collect$$libinit$$0000002C)
    __rt_lib_init_argv_1                     0x080001a3   Thumb Code     0  libinit2.o(.ARM.Collect$$libinit$$0000002A)
    __rt_lib_init_atexit_1                   0x080001a3   Thumb Code     0  libinit2.o(.ARM.Collect$$libinit$$00000019)
    __rt_lib_init_clock_1                    0x080001a3   Thumb Code     0  libinit2.o(.ARM.Collect$$libinit$$0000001F)
    __rt_lib_init_cpp_1                      0x080001a3   Thumb Code     0  libinit2.o(.ARM.Collect$$libinit$$00000030)
    __rt_lib_init_exceptions_1               0x080001a3   Thumb Code     0  libinit2.o(.ARM.Collect$$libinit$$0000002E)
    __rt_lib_init_fp_trap_1                  0x080001a3   Thumb Code     0  libinit2.o(.ARM.Collect$$libinit$$0000001D)
    __rt_lib_init_getenv_1                   0x080001a3   Thumb Code     0  libinit2.o(.ARM.Collect$$libinit$$00000021)
    __rt_lib_init_lc_numeric_1               0x080001a3   Thumb Code     0  libinit2.o(.ARM.Collect$$libinit$$00000015)
    __rt_lib_init_lc_time_1                  0x080001a3   Thumb Code     0  libinit2.o(.ARM.Collect$$libinit$$00000017)
    __rt_lib_init_return                     0x080001a3   Thumb Code     0  libinit2.o(.ARM.Collect$$libinit$$00000031)
    __rt_lib_init_signal_1                   0x080001a3   Thumb Code     0  libinit2.o(.ARM.Collect$$libinit$$0000001B)
    __rt_lib_init_stdio_1                    0x080001a3   Thumb Code     0  libinit2.o(.ARM.Collect$$libinit$$00000023)
    __rt_lib_shutdown                        0x080001a5   Thumb Code     0  libshutdown.o(.ARM.Collect$$libshutdown$$00000000)
    __rt_lib_shutdown_fp_trap_1              0x080001a7   Thumb Code     0  libshutdown2.o(.ARM.Collect$$libshutdown$$00000006)
    __rt_lib_shutdown_heap_1                 0x080001a7   Thumb Code     0  libshutdown2.o(.ARM.Collect$$libshutdown$$0000000E)
    __rt_lib_shutdown_return                 0x080001a7   Thumb Code     0  libshutdown2.o(.ARM.Collect$$libshutdown$$0000000F)
    __rt_lib_shutdown_signal_1               0x080001a7   Thumb Code     0  libshutdown2.o(.ARM.Collect$$libshutdown$$00000009)
    __rt_lib_shutdown_stdio_1                0x080001a7   Thumb Code     0  libshutdown2.o(.ARM.Collect$$libshutdown$$00000003)
    __rt_lib_shutdown_user_alloc_1           0x080001a7   Thumb Code     0  libshutdown2.o(.ARM.Collect$$libshutdown$$0000000B)
    __rt_entry                               0x080001a9   Thumb Code     0  rtentry.o(.ARM.Collect$$rtentry$$00000000)
    __rt_entry_presh_1                       0x080001a9   Thumb Code     0  rtentry2.o(.ARM.Collect$$rtentry$$00000002)
    __rt_entry_sh                            0x080001a9   Thumb Code     0  rtentry4.o(.ARM.Collect$$rtentry$$00000004)
    __rt_entry_li                            0x080001af   Thumb Code     0  rtentry2.o(.ARM.Collect$$rtentry$$0000000A)
    __rt_entry_postsh_1                      0x080001af   Thumb Code     0  rtentry2.o(.ARM.Collect$$rtentry$$00000009)
    __rt_entry_main                          0x080001b3   Thumb Code     0  rtentry2.o(.ARM.Collect$$rtentry$$0000000D)
    __rt_entry_postli_1                      0x080001b3   Thumb Code     0  rtentry2.o(.ARM.Collect$$rtentry$$0000000C)
    __rt_exit                                0x080001bb   Thumb Code     0  rtexit.o(.ARM.Collect$$rtexit$$00000000)
    __rt_exit_ls                             0x080001bd   Thumb Code     0  rtexit2.o(.ARM.Collect$$rtexit$$00000003)
    __rt_exit_prels_1                        0x080001bd   Thumb Code     0  rtexit2.o(.ARM.Collect$$rtexit$$00000002)
    __rt_exit_exit                           0x080001c1   Thumb Code     0  rtexit2.o(.ARM.Collect$$rtexit$$00000004)
    WFI_SET                                  0x080001c9   Thumb Code     2  sys.o(.emb_text)
    INTX_DISABLE                             0x080001cb   Thumb Code     2  sys.o(.emb_text)
    INTX_ENABLE                              0x080001cd   Thumb Code     2  sys.o(.emb_text)
    MSR_MSP                                  0x080001cf   Thumb Code     6  sys.o(.emb_text)
    Reset_Handler                            0x080001d5   Thumb Code     4  startup_stm32f10x_md.o(.text)
    ADC1_2_IRQHandler                        0x080001eb   Thumb Code     0  startup_stm32f10x_md.o(.text)
    CAN1_RX1_IRQHandler                      0x080001eb   Thumb Code     0  startup_stm32f10x_md.o(.text)
    CAN1_SCE_IRQHandler                      0x080001eb   Thumb Code     0  startup_stm32f10x_md.o(.text)
    DMA1_Channel1_IRQHandler                 0x080001eb   Thumb Code     0  startup_stm32f10x_md.o(.text)
    DMA1_Channel2_IRQHandler                 0x080001eb   Thumb Code     0  startup_stm32f10x_md.o(.text)
    DMA1_Channel3_IRQHandler                 0x080001eb   Thumb Code     0  startup_stm32f10x_md.o(.text)
    DMA1_Channel4_IRQHandler                 0x080001eb   Thumb Code     0  startup_stm32f10x_md.o(.text)
    DMA1_Channel5_IRQHandler                 0x080001eb   Thumb Code     0  startup_stm32f10x_md.o(.text)
    DMA1_Channel6_IRQHandler                 0x080001eb   Thumb Code     0  startup_stm32f10x_md.o(.text)
    DMA1_Channel7_IRQHandler                 0x080001eb   Thumb Code     0  startup_stm32f10x_md.o(.text)
    EXTI0_IRQHandler                         0x080001eb   Thumb Code     0  startup_stm32f10x_md.o(.text)
    EXTI15_10_IRQHandler                     0x080001eb   Thumb Code     0  startup_stm32f10x_md.o(.text)
    EXTI1_IRQHandler                         0x080001eb   Thumb Code     0  startup_stm32f10x_md.o(.text)
    EXTI2_IRQHandler                         0x080001eb   Thumb Code     0  startup_stm32f10x_md.o(.text)
    EXTI3_IRQHandler                         0x080001eb   Thumb Code     0  startup_stm32f10x_md.o(.text)
    EXTI4_IRQHandler                         0x080001eb   Thumb Code     0  startup_stm32f10x_md.o(.text)
    EXTI9_5_IRQHandler                       0x080001eb   Thumb Code     0  startup_stm32f10x_md.o(.text)
    FLASH_IRQHandler                         0x080001eb   Thumb Code     0  startup_stm32f10x_md.o(.text)
    I2C1_ER_IRQHandler                       0x080001eb   Thumb Code     0  startup_stm32f10x_md.o(.text)
    I2C1_EV_IRQHandler                       0x080001eb   Thumb Code     0  startup_stm32f10x_md.o(.text)
    I2C2_ER_IRQHandler                       0x080001eb   Thumb Code     0  startup_stm32f10x_md.o(.text)
    I2C2_EV_IRQHandler                       0x080001eb   Thumb Code     0  startup_stm32f10x_md.o(.text)
    PVD_IRQHandler                           0x080001eb   Thumb Code     0  startup_stm32f10x_md.o(.text)
    RCC_IRQHandler                           0x080001eb   Thumb Code     0  startup_stm32f10x_md.o(.text)
    RTCAlarm_IRQHandler                      0x080001eb   Thumb Code     0  startup_stm32f10x_md.o(.text)
    RTC_IRQHandler                           0x080001eb   Thumb Code     0  startup_stm32f10x_md.o(.text)
    SPI1_IRQHandler                          0x080001eb   Thumb Code     0  startup_stm32f10x_md.o(.text)
    SPI2_IRQHandler                          0x080001eb   Thumb Code     0  startup_stm32f10x_md.o(.text)
    TAMPER_IRQHandler                        0x080001eb   Thumb Code     0  startup_stm32f10x_md.o(.text)
    TIM1_BRK_IRQHandler                      0x080001eb   Thumb Code     0  startup_stm32f10x_md.o(.text)
    TIM1_CC_IRQHandler                       0x080001eb   Thumb Code     0  startup_stm32f10x_md.o(.text)
    TIM1_TRG_COM_IRQHandler                  0x080001eb   Thumb Code     0  startup_stm32f10x_md.o(.text)
    TIM2_IRQHandler                          0x080001eb   Thumb Code     0  startup_stm32f10x_md.o(.text)
    TIM3_IRQHandler                          0x080001eb   Thumb Code     0  startup_stm32f10x_md.o(.text)
    TIM4_IRQHandler                          0x080001eb   Thumb Code     0  startup_stm32f10x_md.o(.text)
    USART1_IRQHandler                        0x080001eb   Thumb Code     0  startup_stm32f10x_md.o(.text)
    USART2_IRQHandler                        0x080001eb   Thumb Code     0  startup_stm32f10x_md.o(.text)
    USBWakeUp_IRQHandler                     0x080001eb   Thumb Code     0  startup_stm32f10x_md.o(.text)
    USB_HP_CAN1_TX_IRQHandler                0x080001eb   Thumb Code     0  startup_stm32f10x_md.o(.text)
    USB_LP_CAN1_RX0_IRQHandler               0x080001eb   Thumb Code     0  startup_stm32f10x_md.o(.text)
    WWDG_IRQHandler                          0x080001eb   Thumb Code     0  startup_stm32f10x_md.o(.text)
    __user_initial_stackheap                 0x080001ed   Thumb Code     0  startup_stm32f10x_md.o(.text)
    main                                     0x0800020d   Thumb Code   314  minibalance.o(.text)
    NMI_Handler                              0x080003c1   Thumb Code     2  stm32f10x_it.o(.text)
    HardFault_Handler                        0x080003c3   Thumb Code     4  stm32f10x_it.o(.text)
    MemManage_Handler                        0x080003c7   Thumb Code     4  stm32f10x_it.o(.text)
    BusFault_Handler                         0x080003cb   Thumb Code     4  stm32f10x_it.o(.text)
    UsageFault_Handler                       0x080003cf   Thumb Code     4  stm32f10x_it.o(.text)
    SVC_Handler                              0x080003d3   Thumb Code     2  stm32f10x_it.o(.text)
    DebugMon_Handler                         0x080003d5   Thumb Code     2  stm32f10x_it.o(.text)
    PendSV_Handler                           0x080003d7   Thumb Code     2  stm32f10x_it.o(.text)
    SysTick_Handler                          0x080003d9   Thumb Code     2  stm32f10x_it.o(.text)
    delay_init                               0x080003dd   Thumb Code    54  delay.o(.text)
    delay_us                                 0x08000413   Thumb Code    54  delay.o(.text)
    delay_ms                                 0x08000449   Thumb Code    54  delay.o(.text)
    MY_NVIC_SetVectorTable                   0x08000489   Thumb Code    12  sys.o(.text)
    MY_NVIC_PriorityGroupConfig              0x08000495   Thumb Code    36  sys.o(.text)
    MY_NVIC_Init                             0x080004b9   Thumb Code   120  sys.o(.text)
    Ex_NVIC_Config                           0x08000531   Thumb Code   144  sys.o(.text)
    MYRCC_DeInit                             0x080005c1   Thumb Code    90  sys.o(.text)
    Sys_Standby                              0x0800061b   Thumb Code    68  sys.o(.text)
    Sys_Soft_Reset                           0x0800065f   Thumb Code    12  sys.o(.text)
    JTAG_Set                                 0x0800066b   Thumb Code    42  sys.o(.text)
    Stm32_Clock_Init                         0x08000695   Thumb Code   130  sys.o(.text)
    _sys_exit                                0x08000745   Thumb Code     6  usart.o(.text)
    fputc                                    0x0800074b   Thumb Code    52  usart.o(.text)
    uart_init                                0x0800077f   Thumb Code   182  usart.o(.text)
    LED_Init                                 0x0800084d   Thumb Code    52  led.o(.text)
    Led_Flash                                0x08000881   Thumb Code    38  led.o(.text)
    KEY_Init                                 0x080008bd   Thumb Code    52  key.o(.text)
    click_N_Double                           0x080008f1   Thumb Code   132  key.o(.text)
    click                                    0x08000975   Thumb Code    38  key.o(.text)
    uart3_init                               0x080009bd   Thumb Code   228  usart3.o(.text)
    USART3_IRQHandler                        0x08000aa1   Thumb Code   558  usart3.o(.text)
    Adc_Init                                 0x08000d0d   Thumb Code   278  adc.o(.text)
    Get_Adc                                  0x08000e23   Thumb Code    66  adc.o(.text)
    Get_battery_volt                         0x08000e65   Thumb Code    90  adc.o(.text)
    Timer1_Init                              0x08000ee5   Thumb Code    82  timer.o(.text)
    MiniBalance_Motor_Init                   0x08000f41   Thumb Code    36  motor.o(.text)
    MiniBalance_PWM_Init                     0x08000f65   Thumb Code   154  motor.o(.text)
    Encoder_Init_TIM2                        0x08001011   Thumb Code   110  encoder.o(.text)
    Encoder_Init_TIM4                        0x0800107f   Thumb Code   136  encoder.o(.text)
    Read_Encoder                             0x08001107   Thumb Code    74  encoder.o(.text)
    IIC_Init                                 0x08001165   Thumb Code    42  ioi2c.o(.text)
    IIC_Start                                0x0800118f   Thumb Code    88  ioi2c.o(.text)
    IIC_Stop                                 0x080011e7   Thumb Code    62  ioi2c.o(.text)
    IIC_Wait_Ack                             0x08001225   Thumb Code    90  ioi2c.o(.text)
    IIC_Ack                                  0x0800127f   Thumb Code    68  ioi2c.o(.text)
    IIC_NAck                                 0x080012c3   Thumb Code    64  ioi2c.o(.text)
    IIC_Send_Byte                            0x08001303   Thumb Code    94  ioi2c.o(.text)
    i2cWrite                                 0x08001361   Thumb Code    96  ioi2c.o(.text)
    IIC_Read_Byte                            0x080013c1   Thumb Code    98  ioi2c.o(.text)
    i2cRead                                  0x08001423   Thumb Code   118  ioi2c.o(.text)
    I2C_ReadOneByte                          0x08001499   Thumb Code    70  ioi2c.o(.text)
    IICreadBytes                             0x080014df   Thumb Code   126  ioi2c.o(.text)
    IICwriteBytes                            0x0800155d   Thumb Code    70  ioi2c.o(.text)
    IICreadByte                              0x080015a3   Thumb Code    22  ioi2c.o(.text)
    IICwriteByte                             0x080015b9   Thumb Code    20  ioi2c.o(.text)
    IICwriteBits                             0x080015cd   Thumb Code   106  ioi2c.o(.text)
    IICwriteBit                              0x08001637   Thumb Code    64  ioi2c.o(.text)
    myabs                                    0x08001679   Thumb Code    14  control.o(.text)
    Set_Pwm                                  0x08001687   Thumb Code   106  control.o(.text)
    Turn_Off                                 0x080016f1   Thumb Code    78  control.o(.text)
    Xianfu_Pwm                               0x0800173f   Thumb Code    62  control.o(.text)
    turn                                     0x0800177d   Thumb Code   348  control.o(.text)
    velocity                                 0x080018d9   Thumb Code   318  control.o(.text)
    balance                                  0x08001a17   Thumb Code    64  control.o(.text)
    Key                                      0x08001a57   Thumb Code   214  control.o(.text)
    Get_Angle                                0x08001b2d   Thumb Code   388  control.o(.text)
    TIM1_UP_IRQHandler                       0x08001cb1   Thumb Code   234  control.o(.text)
    mpu_reg_dump                             0x08001e73   Thumb Code    72  inv_mpu.o(.text)
    mpu_read_reg                             0x08001ebb   Thumb Code    66  inv_mpu.o(.text)
    mpu_set_int_latched                      0x08001efd   Thumb Code   102  inv_mpu.o(.text)
    mpu_set_sensors                          0x08001f63   Thumb Code   202  inv_mpu.o(.text)
    mpu_set_bypass                           0x0800202d   Thumb Code   328  inv_mpu.o(.text)
    mpu_reset_fifo                           0x08002175   Thumb Code   444  inv_mpu.o(.text)
    mpu_configure_fifo                       0x08002331   Thumb Code   106  inv_mpu.o(.text)
    mpu_set_lpf                              0x0800239b   Thumb Code   126  inv_mpu.o(.text)
    mpu_lp_accel_mode                        0x08002419   Thumb Code   218  inv_mpu.o(.text)
    mpu_set_sample_rate                      0x080024f3   Thumb Code   152  inv_mpu.o(.text)
    mpu_set_accel_fsr                        0x0800258b   Thumb Code   132  inv_mpu.o(.text)
    mpu_set_gyro_fsr                         0x0800260f   Thumb Code   132  inv_mpu.o(.text)
    mpu_init                                 0x08002693   Thumb Code   416  inv_mpu.o(.text)
    myget_ms                                 0x08002833   Thumb Code     2  inv_mpu.o(.text)
    mpu_get_gyro_reg                         0x08002835   Thumb Code   110  inv_mpu.o(.text)
    mpu_get_accel_reg                        0x080028a3   Thumb Code   110  inv_mpu.o(.text)
    mpu_get_temperature                      0x08002911   Thumb Code   150  inv_mpu.o(.text)
    mpu_set_accel_bias                       0x080029a7   Thumb Code   468  inv_mpu.o(.text)
    mpu_get_gyro_fsr                         0x08002b7b   Thumb Code    64  inv_mpu.o(.text)
    mpu_get_accel_fsr                        0x08002bbb   Thumb Code    72  inv_mpu.o(.text)
    mpu_get_lpf                              0x08002c03   Thumb Code    74  inv_mpu.o(.text)
    mpu_get_sample_rate                      0x08002c4d   Thumb Code    26  inv_mpu.o(.text)
    mpu_get_compass_sample_rate              0x08002c67   Thumb Code    10  inv_mpu.o(.text)
    mpu_set_compass_sample_rate              0x08002c71   Thumb Code     8  inv_mpu.o(.text)
    mpu_get_gyro_sens                        0x08002c79   Thumb Code    58  inv_mpu.o(.text)
    mpu_get_accel_sens                       0x08002cb3   Thumb Code    78  inv_mpu.o(.text)
    mpu_get_fifo_config                      0x08002d01   Thumb Code    12  inv_mpu.o(.text)
    mpu_get_power_state                      0x08002d0d   Thumb Code    22  inv_mpu.o(.text)
    mpu_get_int_status                       0x08002d23   Thumb Code    64  inv_mpu.o(.text)
    mpu_read_fifo                            0x08002d63   Thumb Code   504  inv_mpu.o(.text)
    mpu_read_fifo_stream                     0x08002f5b   Thumb Code   186  inv_mpu.o(.text)
    mpu_set_int_level                        0x08003015   Thumb Code    12  inv_mpu.o(.text)
    mpu_set_dmp_state                        0x080036ed   Thumb Code   138  inv_mpu.o(.text)
    mpu_run_self_test                        0x08003777   Thumb Code   278  inv_mpu.o(.text)
    mpu_write_mem                            0x0800388d   Thumb Code   122  inv_mpu.o(.text)
    mpu_read_mem                             0x08003907   Thumb Code   122  inv_mpu.o(.text)
    mpu_load_firmware                        0x08003981   Thumb Code   190  inv_mpu.o(.text)
    mpu_get_dmp_state                        0x08003a3f   Thumb Code    14  inv_mpu.o(.text)
    mpu_get_compass_reg                      0x08003a4d   Thumb Code     8  inv_mpu.o(.text)
    mpu_get_compass_fsr                      0x08003a55   Thumb Code     8  inv_mpu.o(.text)
    mpu_lp_motion_interrupt                  0x08003a5d   Thumb Code   512  inv_mpu.o(.text)
    dmp_load_motion_driver_firmware          0x08003c61   Thumb Code    20  inv_mpu_dmp_motion_driver.o(.text)
    dmp_set_orientation                      0x08003c75   Thumb Code   290  inv_mpu_dmp_motion_driver.o(.text)
    dmp_set_gyro_bias                        0x08003d97   Thumb Code   294  inv_mpu_dmp_motion_driver.o(.text)
    dmp_set_accel_bias                       0x08003ebd   Thumb Code   300  inv_mpu_dmp_motion_driver.o(.text)
    dmp_set_fifo_rate                        0x08003fe9   Thumb Code   136  inv_mpu_dmp_motion_driver.o(.text)
    dmp_get_fifo_rate                        0x08004071   Thumb Code    12  inv_mpu_dmp_motion_driver.o(.text)
    dmp_set_tap_thresh                       0x0800407d   Thumb Code   396  inv_mpu_dmp_motion_driver.o(.text)
    dmp_set_tap_axes                         0x08004209   Thumb Code    70  inv_mpu_dmp_motion_driver.o(.text)
    dmp_set_tap_count                        0x0800424f   Thumb Code    38  inv_mpu_dmp_motion_driver.o(.text)
    dmp_set_tap_time                         0x08004275   Thumb Code    38  inv_mpu_dmp_motion_driver.o(.text)
    dmp_set_tap_time_multi                   0x0800429b   Thumb Code    38  inv_mpu_dmp_motion_driver.o(.text)
    dmp_set_shake_reject_thresh              0x080042c1   Thumb Code    56  inv_mpu_dmp_motion_driver.o(.text)
    dmp_set_shake_reject_time                0x080042f9   Thumb Code    38  inv_mpu_dmp_motion_driver.o(.text)
    dmp_set_shake_reject_timeout             0x0800431f   Thumb Code    38  inv_mpu_dmp_motion_driver.o(.text)
    dmp_get_pedometer_step_count             0x08004345   Thumb Code    66  inv_mpu_dmp_motion_driver.o(.text)
    dmp_set_pedometer_step_count             0x08004387   Thumb Code    42  inv_mpu_dmp_motion_driver.o(.text)
    dmp_get_pedometer_walk_time              0x080043b1   Thumb Code    72  inv_mpu_dmp_motion_driver.o(.text)
    dmp_set_pedometer_walk_time              0x080043f9   Thumb Code    48  inv_mpu_dmp_motion_driver.o(.text)
    dmp_enable_6x_lp_quat                    0x08004429   Thumb Code    84  inv_mpu_dmp_motion_driver.o(.text)
    dmp_enable_lp_quat                       0x0800447d   Thumb Code    60  inv_mpu_dmp_motion_driver.o(.text)
    dmp_enable_gyro_cal                      0x080044b9   Thumb Code    62  inv_mpu_dmp_motion_driver.o(.text)
    dmp_enable_feature                       0x080044f7   Thumb Code   530  inv_mpu_dmp_motion_driver.o(.text)
    dmp_get_enabled_features                 0x08004709   Thumb Code    12  inv_mpu_dmp_motion_driver.o(.text)
    dmp_set_interrupt_mode                   0x08004773   Thumb Code    66  inv_mpu_dmp_motion_driver.o(.text)
    dmp_read_fifo                            0x080047b5   Thumb Code   504  inv_mpu_dmp_motion_driver.o(.text)
    dmp_register_tap_cb                      0x080049ad   Thumb Code    10  inv_mpu_dmp_motion_driver.o(.text)
    dmp_register_android_orient_cb           0x080049b7   Thumb Code    10  inv_mpu_dmp_motion_driver.o(.text)
    Kalman_Filter                            0x080049c5   Thumb Code   558  filter.o(.text)
    Yijielvbo                                0x08004bf3   Thumb Code   132  filter.o(.text)
    MPU6050_newValues                        0x08004dd9   Thumb Code   494  mpu6050.o(.text)
    MPU6050_setClockSource                   0x08004fc7   Thumb Code    20  mpu6050.o(.text)
    MPU6050_setFullScaleGyroRange            0x08004fdb   Thumb Code    20  mpu6050.o(.text)
    MPU6050_setFullScaleAccelRange           0x08004fef   Thumb Code    20  mpu6050.o(.text)
    MPU6050_setSleepEnabled                  0x08005003   Thumb Code    18  mpu6050.o(.text)
    MPU6050_getDeviceID                      0x08005015   Thumb Code    20  mpu6050.o(.text)
    MPU6050_testConnection                   0x08005029   Thumb Code    18  mpu6050.o(.text)
    MPU6050_setI2CMasterModeEnabled          0x0800503b   Thumb Code    18  mpu6050.o(.text)
    MPU6050_setI2CBypassEnabled              0x0800504d   Thumb Code    18  mpu6050.o(.text)
    MPU6050_initialize                       0x0800505f   Thumb Code    40  mpu6050.o(.text)
    DMP_Init                                 0x08005087   Thumb Code   194  mpu6050.o(.text)
    Read_DMP                                 0x08005149   Thumb Code   962  mpu6050.o(.text)
    Read_Temperature                         0x0800550b   Thumb Code   110  mpu6050.o(.text)
    __use_no_semihosting                     0x080055a9   Thumb Code     2  use_no_semi_2.o(.text)
    __aeabi_ldivmod                          0x080055ab   Thumb Code     0  llsdiv.o(.text)
    _ll_sdiv                                 0x080055ab   Thumb Code    72  llsdiv.o(.text)
    __2printf                                0x080055f5   Thumb Code    20  noretval__2printf.o(.text)
    __printf                                 0x0800560d   Thumb Code   104  __printf.o(.text)
    _printf_int_dec                          0x08005675   Thumb Code   102  _printf_dec.o(.text)
    memcmp                                   0x080056ed   Thumb Code    88  memcmp.o(.text)
    __aeabi_memset                           0x08005745   Thumb Code    16  aeabi_memset.o(.text)
    __use_two_region_memory                  0x08005755   Thumb Code     2  heapauxi.o(.text)
    __rt_heap_escrow$2region                 0x08005757   Thumb Code     2  heapauxi.o(.text)
    __rt_heap_expand$2region                 0x08005759   Thumb Code     2  heapauxi.o(.text)
    __I$use$semihosting                      0x0800575b   Thumb Code     0  use_no_semi.o(.text)
    __use_no_semihosting_swi                 0x0800575b   Thumb Code     2  use_no_semi.o(.text)
    __aeabi_uldivmod                         0x0800575d   Thumb Code     0  lludivv7m.o(.text)
    _ll_udiv                                 0x0800575d   Thumb Code   238  lludivv7m.o(.text)
    __read_errno                             0x0800584b   Thumb Code    10  _rserrno.o(.text)
    __set_errno                              0x08005855   Thumb Code    12  _rserrno.o(.text)
    _printf_int_common                       0x08005861   Thumb Code   184  _printf_intcommon.o(.text)
    __lib_sel_fp_printf                      0x08005919   Thumb Code     2  _printf_fp_dec.o(.text)
    _printf_fp_dec_real                      0x08005ac5   Thumb Code   628  _printf_fp_dec.o(.text)
    _printf_char_file                        0x08005d39   Thumb Code    32  _printf_char_file.o(.text)
    __aeabi_memclr                           0x08005d5d   Thumb Code     0  rt_memclr.o(.text)
    __rt_memclr                              0x08005d5d   Thumb Code    68  rt_memclr.o(.text)
    _memset                                  0x08005d61   Thumb Code     0  rt_memclr.o(.text)
    __rt_locale                              0x08005da1   Thumb Code     8  rt_locale_intlibspace.o(.text)
    __aeabi_errno_addr                       0x08005da9   Thumb Code     8  rt_errno_addr_intlibspace.o(.text)
    __errno$intlibspace                      0x08005da9   Thumb Code     0  rt_errno_addr_intlibspace.o(.text)
    __rt_errno_addr$intlibspace              0x08005da9   Thumb Code     0  rt_errno_addr_intlibspace.o(.text)
    _ll_udiv10                               0x08005db1   Thumb Code   138  lludiv10.o(.text)
    _printf_char_common                      0x08005e47   Thumb Code    32  _printf_char_common.o(.text)
    _printf_fp_infnan                        0x08005e6d   Thumb Code   112  _printf_fp_infnan.o(.text)
    _btod_etento                             0x08005eed   Thumb Code   222  bigflt0.o(.text)
    ferror                                   0x08005fd1   Thumb Code     8  ferror.o(.text)
    __aeabi_memclr4                          0x08005fd9   Thumb Code     0  rt_memclr_w.o(.text)
    __aeabi_memclr8                          0x08005fd9   Thumb Code     0  rt_memclr_w.o(.text)
    __rt_memclr_w                            0x08005fd9   Thumb Code    78  rt_memclr_w.o(.text)
    _memset_w                                0x08005fdd   Thumb Code     0  rt_memclr_w.o(.text)
    __user_libspace                          0x08006029   Thumb Code     8  libspace.o(.text)
    __user_perproc_libspace                  0x08006029   Thumb Code     0  libspace.o(.text)
    __user_perthread_libspace                0x08006029   Thumb Code     0  libspace.o(.text)
    __user_setup_stackheap                   0x08006031   Thumb Code    74  sys_stackheap_outer.o(.text)
    exit                                     0x0800607b   Thumb Code    12  exit.o(.text)
    strcmp                                   0x08006089   Thumb Code   128  strcmpv7m.o(.text)
    _btod_d2e                                0x08006109   Thumb Code    62  btod.o(CL$$btod_d2e)
    _d2e_denorm_low                          0x08006147   Thumb Code    70  btod.o(CL$$btod_d2e_denorm_low)
    _d2e_norm_op1                            0x0800618d   Thumb Code    96  btod.o(CL$$btod_d2e_norm_op1)
    __btod_div_common                        0x080061ed   Thumb Code   696  btod.o(CL$$btod_div_common)
    _e2e                                     0x08006525   Thumb Code   198  btod.o(CL$$btod_e2e)
    _btod_ediv                               0x080065eb   Thumb Code    40  btod.o(CL$$btod_ediv)
    _btod_emul                               0x08006613   Thumb Code    40  btod.o(CL$$btod_emul)
    __btod_mult_common                       0x0800663b   Thumb Code   580  btod.o(CL$$btod_mult_common)
    __ARM_fpclassify                         0x0800687f   Thumb Code    40  fpclassify.o(i.__ARM_fpclassify)
    __kernel_poly                            0x080068a7   Thumb Code   170  poly.o(i.__kernel_poly)
    __mathlib_dbl_underflow                  0x08006951   Thumb Code    10  dunder.o(i.__mathlib_dbl_underflow)
    asin                                     0x08006961   Thumb Code   584  asin.o(i.asin)
    atan                                     0x08006bdd   Thumb Code   478  atan.o(i.atan)
    atan2                                    0x08006e01   Thumb Code   346  atan2.o(i.atan2)
    sqrt                                     0x08006f81   Thumb Code    78  sqrt.o(i.sqrt)
    _get_lc_numeric                          0x08006fd1   Thumb Code    44  lc_numeric_c.o(locale$$code)
    __aeabi_d2f                              0x08006ffd   Thumb Code     0  d2f.o(x$fpl$d2f)
    _d2f                                     0x08006ffd   Thumb Code    98  d2f.o(x$fpl$d2f)
    __aeabi_dadd                             0x08007061   Thumb Code     0  daddsub_clz.o(x$fpl$dadd)
    _dadd                                    0x08007061   Thumb Code   332  daddsub_clz.o(x$fpl$dadd)
    __fpl_dcheck_NaN1                        0x080071b1   Thumb Code    10  dcheck1.o(x$fpl$dcheck1)
    __fpl_dcmp_Inf                           0x080071c1   Thumb Code    24  dcmpi.o(x$fpl$dcmpinf)
    __aeabi_ddiv                             0x080071d9   Thumb Code     0  ddiv.o(x$fpl$ddiv)
    _ddiv                                    0x080071d9   Thumb Code   552  ddiv.o(x$fpl$ddiv)
    __aeabi_d2iz                             0x08007489   Thumb Code     0  dfix.o(x$fpl$dfix)
    _dfix                                    0x08007489   Thumb Code    94  dfix.o(x$fpl$dfix)
    __aeabi_ui2d                             0x080074e7   Thumb Code     0  dflt_clz.o(x$fpl$dfltu)
    _dfltu                                   0x080074e7   Thumb Code    38  dflt_clz.o(x$fpl$dfltu)
    __aeabi_cdcmple                          0x0800750d   Thumb Code     0  dleqf.o(x$fpl$dleqf)
    _dcmple                                  0x0800750d   Thumb Code   120  dleqf.o(x$fpl$dleqf)
    __fpl_dcmple_InfNaN                      0x0800756f   Thumb Code     0  dleqf.o(x$fpl$dleqf)
    __aeabi_dmul                             0x08007585   Thumb Code     0  dmul.o(x$fpl$dmul)
    _dmul                                    0x08007585   Thumb Code   332  dmul.o(x$fpl$dmul)
    __fpl_dnaninf                            0x080076d9   Thumb Code   156  dnaninf.o(x$fpl$dnaninf)
    __fpl_dretinf                            0x08007775   Thumb Code    12  dretinf.o(x$fpl$dretinf)
    __aeabi_drsub                            0x08007781   Thumb Code     0  daddsub_clz.o(x$fpl$drsb)
    _drsb                                    0x08007781   Thumb Code    22  daddsub_clz.o(x$fpl$drsb)
    _dsqrt                                   0x08007799   Thumb Code   456  dsqrt_noumaal.o(x$fpl$dsqrt)
    __aeabi_dsub                             0x08007965   Thumb Code     0  daddsub_clz.o(x$fpl$dsub)
    _dsub                                    0x08007965   Thumb Code   464  daddsub_clz.o(x$fpl$dsub)
    __aeabi_f2d                              0x08007b39   Thumb Code     0  f2d.o(x$fpl$f2d)
    _f2d                                     0x08007b39   Thumb Code    86  f2d.o(x$fpl$f2d)
    __aeabi_fadd                             0x08007b91   Thumb Code     0  faddsub_clz.o(x$fpl$fadd)
    _fadd                                    0x08007b91   Thumb Code   196  faddsub_clz.o(x$fpl$fadd)
    __fpl_fcmp_Inf                           0x08007c55   Thumb Code    24  fcmpi.o(x$fpl$fcmpinf)
    __aeabi_fdiv                             0x08007c6d   Thumb Code     0  fdiv.o(x$fpl$fdiv)
    _fdiv                                    0x08007c6d   Thumb Code   384  fdiv.o(x$fpl$fdiv)
    __aeabi_cfcmpeq                          0x08007df1   Thumb Code     0  feqf.o(x$fpl$feqf)
    _fcmpeq                                  0x08007df1   Thumb Code   104  feqf.o(x$fpl$feqf)
    __aeabi_f2iz                             0x08007e59   Thumb Code     0  ffix.o(x$fpl$ffix)
    _ffix                                    0x08007e59   Thumb Code    54  ffix.o(x$fpl$ffix)
    __aeabi_f2uiz                            0x08007e91   Thumb Code     0  ffixu.o(x$fpl$ffixu)
    _ffixu                                   0x08007e91   Thumb Code    62  ffixu.o(x$fpl$ffixu)
    __aeabi_i2f                              0x08007ed1   Thumb Code     0  fflt_clz.o(x$fpl$fflt)
    _fflt                                    0x08007ed1   Thumb Code    48  fflt_clz.o(x$fpl$fflt)
    __aeabi_ui2f                             0x08007f01   Thumb Code     0  fflt_clz.o(x$fpl$ffltu)
    _ffltu                                   0x08007f01   Thumb Code    38  fflt_clz.o(x$fpl$ffltu)
    __aeabi_cfcmple                          0x08007f29   Thumb Code     0  fleqf.o(x$fpl$fleqf)
    _fcmple                                  0x08007f29   Thumb Code   104  fleqf.o(x$fpl$fleqf)
    __fpl_fcmple_InfNaN                      0x08007f7b   Thumb Code     0  fleqf.o(x$fpl$fleqf)
    __aeabi_fmul                             0x08007f91   Thumb Code     0  fmul.o(x$fpl$fmul)
    _fmul                                    0x08007f91   Thumb Code   258  fmul.o(x$fpl$fmul)
    __fpl_fnaninf                            0x08008093   Thumb Code   140  fnaninf.o(x$fpl$fnaninf)
    __fpl_fretinf                            0x0800811f   Thumb Code    10  fretinf.o(x$fpl$fretinf)
    __aeabi_cfrcmple                         0x08008129   Thumb Code     0  frleqf.o(x$fpl$frleqf)
    _frcmple                                 0x08008129   Thumb Code    98  frleqf.o(x$fpl$frleqf)
    __aeabi_frsub                            0x0800818b   Thumb Code     0  faddsub_clz.o(x$fpl$frsb)
    _frsb                                    0x0800818b   Thumb Code    20  faddsub_clz.o(x$fpl$frsb)
    __aeabi_fsub                             0x080081a1   Thumb Code     0  faddsub_clz.o(x$fpl$fsub)
    _fsub                                    0x080081a1   Thumb Code   234  faddsub_clz.o(x$fpl$fsub)
    _printf_fp_dec                           0x0800828b   Thumb Code     4  printf1.o(x$fpl$printf1)
    __fpl_return_NaN                         0x0800828f   Thumb Code   100  retnan.o(x$fpl$retnan)
    __ARM_scalbn                             0x080082f3   Thumb Code    92  scalbn.o(x$fpl$scalbn)
    __fpl_cmpreturn                          0x0800834f   Thumb Code    48  trapv.o(x$fpl$trapveneer)
    __I$use$fp                               0x0800837e   Number         0  usenofp.o(x$fpl$usenofp)
    hw                                       0x08008380   Data          12  inv_mpu.o(.constdata)
    reg                                      0x0800838c   Data          27  inv_mpu.o(.constdata)
    test                                     0x080083a8   Data          40  inv_mpu.o(.constdata)
    __mathlib_zero                           0x08009100   Data           8  qnan.o(.constdata)
    Region$$Table$$Base                      0x0800919c   Number         0  anon$$obj.o(Region$$Table)
    Region$$Table$$Limit                     0x080091bc   Number         0  anon$$obj.o(Region$$Table)
    Way_Angle                                0x20000000   Data           1  minibalance.o(.data)
    Flag_sudu                                0x20000001   Data           1  minibalance.o(.data)
    Flag_Stop                                0x20000002   Data           1  minibalance.o(.data)
    Flag_Show                                0x20000003   Data           1  minibalance.o(.data)
    Flag_Qian                                0x20000004   Data           1  minibalance.o(.data)
    Flag_Hou                                 0x20000005   Data           1  minibalance.o(.data)
    Flag_Left                                0x20000006   Data           1  minibalance.o(.data)
    Flag_Right                               0x20000007   Data           1  minibalance.o(.data)
    Encoder_Left                             0x20000008   Data           4  minibalance.o(.data)
    Encoder_Right                            0x2000000c   Data           4  minibalance.o(.data)
    Moto1                                    0x20000010   Data           4  minibalance.o(.data)
    Moto2                                    0x20000014   Data           4  minibalance.o(.data)
    Temperature                              0x20000018   Data           4  minibalance.o(.data)
    Voltage                                  0x2000001c   Data           4  minibalance.o(.data)
    Angle_Balance                            0x20000020   Data           4  minibalance.o(.data)
    Gyro_Balance                             0x20000024   Data           4  minibalance.o(.data)
    Gyro_Turn                                0x20000028   Data           4  minibalance.o(.data)
    Show_Data_Mb                             0x2000002c   Data           4  minibalance.o(.data)
    __stdout                                 0x20000034   Data           4  usart.o(.data)
    six_data_stop                            0x20000044   Data           3  usart3.o(.data)
    six_data_start                           0x20000047   Data           3  usart3.o(.data)
    Usart3_Receive                           0x20000050   Data           1  usart3.o(.data)
    mode_data                                0x20000051   Data           8  usart3.o(.data)
    Balance_Pwm                              0x20000084   Data           4  control.o(.data)
    Velocity_Pwm                             0x20000088   Data           4  control.o(.data)
    Turn_Pwm                                 0x2000008c   Data           4  control.o(.data)
    Flag_Target                              0x20000090   Data           1  control.o(.data)
    K1                                       0x200000c0   Data           4  filter.o(.data)
    Q_angle                                  0x200000c4   Data           4  filter.o(.data)
    Q_gyro                                   0x200000c8   Data           4  filter.o(.data)
    R_angle                                  0x200000cc   Data           4  filter.o(.data)
    dt                                       0x200000d0   Data           4  filter.o(.data)
    C_0                                      0x200000d4   Data           1  filter.o(.data)
    PP                                       0x200000d8   Data          16  filter.o(.data)
    angle                                    0x200000e8   Data           4  filter.o(.data)
    angle_dot                                0x200000ec   Data           4  filter.o(.data)
    Q_bias                                   0x200000f0   Data           4  filter.o(.data)
    Angle_err                                0x200000f4   Data           4  filter.o(.data)
    PCt_0                                    0x200000f8   Data           4  filter.o(.data)
    PCt_1                                    0x200000fc   Data           4  filter.o(.data)
    E                                        0x20000100   Data           4  filter.o(.data)
    K_0                                      0x20000104   Data           4  filter.o(.data)
    K_1                                      0x20000108   Data           4  filter.o(.data)
    t_0                                      0x2000010c   Data           4  filter.o(.data)
    t_1                                      0x20000110   Data           4  filter.o(.data)
    q0                                       0x20000114   Data           4  mpu6050.o(.data)
    q1                                       0x20000118   Data           4  mpu6050.o(.data)
    q2                                       0x2000011c   Data           4  mpu6050.o(.data)
    q3                                       0x20000120   Data           4  mpu6050.o(.data)
    Gx_offset                                0x2000012e   Data           2  mpu6050.o(.data)
    Gy_offset                                0x20000130   Data           2  mpu6050.o(.data)
    Gz_offset                                0x20000132   Data           2  mpu6050.o(.data)
    gyro                                     0x20000134   Data           6  mpu6050.o(.data)
    accel                                    0x2000013a   Data           6  mpu6050.o(.data)
    sensors                                  0x20000140   Data           2  mpu6050.o(.data)
    Pitch                                    0x20000144   Data           4  mpu6050.o(.data)
    Roll                                     0x20000148   Data           4  mpu6050.o(.data)
    Yaw                                      0x2000014c   Data           4  mpu6050.o(.data)
    Pdot                                     0x20000160   Data          16  filter.o(.bss)
    buffer                                   0x20000170   Data          14  mpu6050.o(.bss)
    MPU6050_FIFO                             0x2000017e   Data         132  mpu6050.o(.bss)
    __libspace_start                         0x20000204   Data          96  libspace.o(.bss)
    __temporary_stack_top$libspace           0x20000264   Data           0  libspace.o(.bss)



==============================================================================

Memory Map of the image

  Image Entry point : 0x080000ed

  Load Region LR_IROM1 (Base: 0x08000000, Size: 0x00009328, Max: 0x00010000, ABSOLUTE, COMPRESSED[0x00009224])

    Execution Region ER_IROM1 (Base: 0x08000000, Size: 0x000091d8, Max: 0x00010000, ABSOLUTE)

    Base Addr    Size         Type   Attr      Idx    E Section Name        Object

    0x08000000   0x000000ec   Data   RO            3    RESET               startup_stm32f10x_md.o
    0x080000ec   0x00000008   Code   RO          873  * !!!main             c_w.l(__main.o)
    0x080000f4   0x00000034   Code   RO         1234    !!!scatter          c_w.l(__scatter.o)
    0x08000128   0x0000003a   Code   RO         1232    !!dczerorl          c_w.l(__dczerorl.o)
    0x08000162   0x00000002   PAD
    0x08000164   0x0000001c   Code   RO         1236    !!handler_zi        c_w.l(__scatter_zi.o)
    0x08000180   0x00000000   Code   RO          866    .ARM.Collect$$_printf_percent$$00000000  c_w.l(_printf_percent.o)
    0x08000180   0x00000006   Code   RO          865    .ARM.Collect$$_printf_percent$$00000003  c_w.l(_printf_f.o)
    0x08000186   0x00000006   Code   RO          864    .ARM.Collect$$_printf_percent$$00000009  c_w.l(_printf_d.o)
    0x0800018c   0x00000004   Code   RO          968    .ARM.Collect$$_printf_percent$$00000017  c_w.l(_printf_percent_end.o)
    0x08000190   0x00000002   Code   RO         1104    .ARM.Collect$$libinit$$00000000  c_w.l(libinit.o)
    0x08000192   0x00000000   Code   RO         1106    .ARM.Collect$$libinit$$00000002  c_w.l(libinit2.o)
    0x08000192   0x00000000   Code   RO         1109    .ARM.Collect$$libinit$$00000008  c_w.l(libinit2.o)
    0x08000192   0x00000000   Code   RO         1111    .ARM.Collect$$libinit$$0000000A  c_w.l(libinit2.o)
    0x08000192   0x00000000   Code   RO         1113    .ARM.Collect$$libinit$$0000000C  c_w.l(libinit2.o)
    0x08000192   0x00000006   Code   RO         1114    .ARM.Collect$$libinit$$0000000D  c_w.l(libinit2.o)
    0x08000198   0x00000000   Code   RO         1116    .ARM.Collect$$libinit$$0000000F  c_w.l(libinit2.o)
    0x08000198   0x00000000   Code   RO         1118    .ARM.Collect$$libinit$$00000011  c_w.l(libinit2.o)
    0x08000198   0x00000000   Code   RO         1120    .ARM.Collect$$libinit$$00000013  c_w.l(libinit2.o)
    0x08000198   0x0000000a   Code   RO         1121    .ARM.Collect$$libinit$$00000014  c_w.l(libinit2.o)
    0x080001a2   0x00000000   Code   RO         1122    .ARM.Collect$$libinit$$00000015  c_w.l(libinit2.o)
    0x080001a2   0x00000000   Code   RO         1124    .ARM.Collect$$libinit$$00000017  c_w.l(libinit2.o)
    0x080001a2   0x00000000   Code   RO         1126    .ARM.Collect$$libinit$$00000019  c_w.l(libinit2.o)
    0x080001a2   0x00000000   Code   RO         1128    .ARM.Collect$$libinit$$0000001B  c_w.l(libinit2.o)
    0x080001a2   0x00000000   Code   RO         1130    .ARM.Collect$$libinit$$0000001D  c_w.l(libinit2.o)
    0x080001a2   0x00000000   Code   RO         1132    .ARM.Collect$$libinit$$0000001F  c_w.l(libinit2.o)
    0x080001a2   0x00000000   Code   RO         1134    .ARM.Collect$$libinit$$00000021  c_w.l(libinit2.o)
    0x080001a2   0x00000000   Code   RO         1136    .ARM.Collect$$libinit$$00000023  c_w.l(libinit2.o)
    0x080001a2   0x00000000   Code   RO         1140    .ARM.Collect$$libinit$$0000002A  c_w.l(libinit2.o)
    0x080001a2   0x00000000   Code   RO         1142    .ARM.Collect$$libinit$$0000002C  c_w.l(libinit2.o)
    0x080001a2   0x00000000   Code   RO         1144    .ARM.Collect$$libinit$$0000002E  c_w.l(libinit2.o)
    0x080001a2   0x00000000   Code   RO         1146    .ARM.Collect$$libinit$$00000030  c_w.l(libinit2.o)
    0x080001a2   0x00000002   Code   RO         1147    .ARM.Collect$$libinit$$00000031  c_w.l(libinit2.o)
    0x080001a4   0x00000002   Code   RO         1193    .ARM.Collect$$libshutdown$$00000000  c_w.l(libshutdown.o)
    0x080001a6   0x00000000   Code   RO         1203    .ARM.Collect$$libshutdown$$00000003  c_w.l(libshutdown2.o)
    0x080001a6   0x00000000   Code   RO         1206    .ARM.Collect$$libshutdown$$00000006  c_w.l(libshutdown2.o)
    0x080001a6   0x00000000   Code   RO         1209    .ARM.Collect$$libshutdown$$00000009  c_w.l(libshutdown2.o)
    0x080001a6   0x00000000   Code   RO         1211    .ARM.Collect$$libshutdown$$0000000B  c_w.l(libshutdown2.o)
    0x080001a6   0x00000000   Code   RO         1214    .ARM.Collect$$libshutdown$$0000000E  c_w.l(libshutdown2.o)
    0x080001a6   0x00000002   Code   RO         1215    .ARM.Collect$$libshutdown$$0000000F  c_w.l(libshutdown2.o)
    0x080001a8   0x00000000   Code   RO          957    .ARM.Collect$$rtentry$$00000000  c_w.l(rtentry.o)
    0x080001a8   0x00000000   Code   RO         1012    .ARM.Collect$$rtentry$$00000002  c_w.l(rtentry2.o)
    0x080001a8   0x00000006   Code   RO         1024    .ARM.Collect$$rtentry$$00000004  c_w.l(rtentry4.o)
    0x080001ae   0x00000000   Code   RO         1014    .ARM.Collect$$rtentry$$00000009  c_w.l(rtentry2.o)
    0x080001ae   0x00000004   Code   RO         1015    .ARM.Collect$$rtentry$$0000000A  c_w.l(rtentry2.o)
    0x080001b2   0x00000000   Code   RO         1017    .ARM.Collect$$rtentry$$0000000C  c_w.l(rtentry2.o)
    0x080001b2   0x00000008   Code   RO         1018    .ARM.Collect$$rtentry$$0000000D  c_w.l(rtentry2.o)
    0x080001ba   0x00000002   Code   RO         1150    .ARM.Collect$$rtexit$$00000000  c_w.l(rtexit.o)
    0x080001bc   0x00000000   Code   RO         1163    .ARM.Collect$$rtexit$$00000002  c_w.l(rtexit2.o)
    0x080001bc   0x00000004   Code   RO         1164    .ARM.Collect$$rtexit$$00000003  c_w.l(rtexit2.o)
    0x080001c0   0x00000006   Code   RO         1165    .ARM.Collect$$rtexit$$00000004  c_w.l(rtexit2.o)
    0x080001c6   0x00000002   PAD
    0x080001c8   0x0000000c   Code   RO          260    .emb_text           sys.o
    0x080001d4   0x00000038   Code   RO            4    .text               startup_stm32f10x_md.o
    0x0800020c   0x000001b4   Code   RO           10    .text               minibalance.o
    0x080003c0   0x0000001a   Code   RO          183    .text               stm32f10x_it.o
    0x080003da   0x00000002   PAD
    0x080003dc   0x000000ac   Code   RO          242    .text               delay.o
    0x08000488   0x000002bc   Code   RO          261    .text               sys.o
    0x08000744   0x00000108   Code   RO          276    .text               usart.o
    0x0800084c   0x00000070   Code   RO          301    .text               led.o
    0x080008bc   0x00000100   Code   RO          314    .text               key.o
    0x080009bc   0x00000350   Code   RO          346    .text               usart3.o
    0x08000d0c   0x000001d8   Code   RO          364    .text               adc.o
    0x08000ee4   0x0000005c   Code   RO          376    .text               timer.o
    0x08000f40   0x000000d0   Code   RO          388    .text               motor.o
    0x08001010   0x00000154   Code   RO          400    .text               encoder.o
    0x08001164   0x00000512   Code   RO          412    .text               ioi2c.o
    0x08001676   0x00000002   PAD
    0x08001678   0x00000770   Code   RO          424    .text               control.o
    0x08001de8   0x00001e78   Code   RO          446    .text               inv_mpu.o
    0x08003c60   0x00000d64   Code   RO          469    .text               inv_mpu_dmp_motion_driver.o
    0x080049c4   0x00000308   Code   RO          484    .text               filter.o
    0x08004ccc   0x000008dc   Code   RO          503    .text               mpu6050.o
    0x080055a8   0x00000002   Code   RO          832    .text               c_w.l(use_no_semi_2.o)
    0x080055aa   0x00000048   Code   RO          834    .text               c_w.l(llsdiv.o)
    0x080055f2   0x00000002   PAD
    0x080055f4   0x00000018   Code   RO          838    .text               c_w.l(noretval__2printf.o)
    0x0800560c   0x00000068   Code   RO          840    .text               c_w.l(__printf.o)
    0x08005674   0x00000078   Code   RO          842    .text               c_w.l(_printf_dec.o)
    0x080056ec   0x00000058   Code   RO          867    .text               c_w.l(memcmp.o)
    0x08005744   0x00000010   Code   RO          869    .text               c_w.l(aeabi_memset.o)
    0x08005754   0x00000006   Code   RO          871    .text               c_w.l(heapauxi.o)
    0x0800575a   0x00000002   Code   RO          955    .text               c_w.l(use_no_semi.o)
    0x0800575c   0x000000ee   Code   RO          958    .text               c_w.l(lludivv7m.o)
    0x0800584a   0x00000016   Code   RO          960    .text               c_w.l(_rserrno.o)
    0x08005860   0x000000b8   Code   RO          962    .text               c_w.l(_printf_intcommon.o)
    0x08005918   0x00000420   Code   RO          964    .text               c_w.l(_printf_fp_dec.o)
    0x08005d38   0x00000024   Code   RO          966    .text               c_w.l(_printf_char_file.o)
    0x08005d5c   0x00000044   Code   RO          969    .text               c_w.l(rt_memclr.o)
    0x08005da0   0x00000008   Code   RO         1033    .text               c_w.l(rt_locale_intlibspace.o)
    0x08005da8   0x00000008   Code   RO         1038    .text               c_w.l(rt_errno_addr_intlibspace.o)
    0x08005db0   0x0000008a   Code   RO         1040    .text               c_w.l(lludiv10.o)
    0x08005e3a   0x00000002   PAD
    0x08005e3c   0x00000030   Code   RO         1042    .text               c_w.l(_printf_char_common.o)
    0x08005e6c   0x00000080   Code   RO         1044    .text               c_w.l(_printf_fp_infnan.o)
    0x08005eec   0x000000e4   Code   RO         1046    .text               c_w.l(bigflt0.o)
    0x08005fd0   0x00000008   Code   RO         1071    .text               c_w.l(ferror.o)
    0x08005fd8   0x0000004e   Code   RO         1078    .text               c_w.l(rt_memclr_w.o)
    0x08006026   0x00000002   PAD
    0x08006028   0x00000008   Code   RO         1086    .text               c_w.l(libspace.o)
    0x08006030   0x0000004a   Code   RO         1089    .text               c_w.l(sys_stackheap_outer.o)
    0x0800607a   0x0000000c   Code   RO         1095    .text               c_w.l(exit.o)
    0x08006086   0x00000002   PAD
    0x08006088   0x00000080   Code   RO         1097    .text               c_w.l(strcmpv7m.o)
    0x08006108   0x0000003e   Code   RO         1049    CL$$btod_d2e        c_w.l(btod.o)
    0x08006146   0x00000046   Code   RO         1051    CL$$btod_d2e_denorm_low  c_w.l(btod.o)
    0x0800618c   0x00000060   Code   RO         1050    CL$$btod_d2e_norm_op1  c_w.l(btod.o)
    0x080061ec   0x00000338   Code   RO         1059    CL$$btod_div_common  c_w.l(btod.o)
    0x08006524   0x000000c6   Code   RO         1056    CL$$btod_e2e        c_w.l(btod.o)
    0x080065ea   0x00000028   Code   RO         1053    CL$$btod_ediv       c_w.l(btod.o)
    0x08006612   0x00000028   Code   RO         1052    CL$$btod_emul       c_w.l(btod.o)
    0x0800663a   0x00000244   Code   RO         1058    CL$$btod_mult_common  c_w.l(btod.o)
    0x0800687e   0x00000028   Code   RO          998    i.__ARM_fpclassify  m_ws.l(fpclassify.o)
    0x080068a6   0x000000aa   Code   RO         1000    i.__kernel_poly     m_ws.l(poly.o)
    0x08006950   0x00000010   Code   RO          996    i.__mathlib_dbl_underflow  m_ws.l(dunder.o)
    0x08006960   0x0000027c   Code   RO          938    i.asin              m_ws.l(asin.o)
    0x08006bdc   0x00000224   Code   RO          987    i.atan              m_ws.l(atan.o)
    0x08006e00   0x00000180   Code   RO          948    i.atan2             m_ws.l(atan2.o)
    0x08006f80   0x0000004e   Code   RO         1004    i.sqrt              m_ws.l(sqrt.o)
    0x08006fce   0x00000002   PAD
    0x08006fd0   0x0000002c   Code   RO         1076    locale$$code        c_w.l(lc_numeric_c.o)
    0x08006ffc   0x00000062   Code   RO          875    x$fpl$d2f           fz_ws.l(d2f.o)
    0x0800705e   0x00000002   PAD
    0x08007060   0x00000150   Code   RO          877    x$fpl$dadd          fz_ws.l(daddsub_clz.o)
    0x080071b0   0x00000010   Code   RO         1080    x$fpl$dcheck1       fz_ws.l(dcheck1.o)
    0x080071c0   0x00000018   Code   RO          971    x$fpl$dcmpinf       fz_ws.l(dcmpi.o)
    0x080071d8   0x000002b0   Code   RO          884    x$fpl$ddiv          fz_ws.l(ddiv.o)
    0x08007488   0x0000005e   Code   RO          887    x$fpl$dfix          fz_ws.l(dfix.o)
    0x080074e6   0x00000026   Code   RO          891    x$fpl$dfltu         fz_ws.l(dflt_clz.o)
    0x0800750c   0x00000078   Code   RO          897    x$fpl$dleqf         fz_ws.l(dleqf.o)
    0x08007584   0x00000154   Code   RO          899    x$fpl$dmul          fz_ws.l(dmul.o)
    0x080076d8   0x0000009c   Code   RO          973    x$fpl$dnaninf       fz_ws.l(dnaninf.o)
    0x08007774   0x0000000c   Code   RO          975    x$fpl$dretinf       fz_ws.l(dretinf.o)
    0x08007780   0x00000016   Code   RO          878    x$fpl$drsb          fz_ws.l(daddsub_clz.o)
    0x08007796   0x00000002   PAD
    0x08007798   0x000001cc   Code   RO         1082    x$fpl$dsqrt         fz_ws.l(dsqrt_noumaal.o)
    0x08007964   0x000001d4   Code   RO          879    x$fpl$dsub          fz_ws.l(daddsub_clz.o)
    0x08007b38   0x00000056   Code   RO          901    x$fpl$f2d           fz_ws.l(f2d.o)
    0x08007b8e   0x00000002   PAD
    0x08007b90   0x000000c4   Code   RO          903    x$fpl$fadd          fz_ws.l(faddsub_clz.o)
    0x08007c54   0x00000018   Code   RO          977    x$fpl$fcmpinf       fz_ws.l(fcmpi.o)
    0x08007c6c   0x00000184   Code   RO          910    x$fpl$fdiv          fz_ws.l(fdiv.o)
    0x08007df0   0x00000068   Code   RO          913    x$fpl$feqf          fz_ws.l(feqf.o)
    0x08007e58   0x00000036   Code   RO          915    x$fpl$ffix          fz_ws.l(ffix.o)
    0x08007e8e   0x00000002   PAD
    0x08007e90   0x0000003e   Code   RO          919    x$fpl$ffixu         fz_ws.l(ffixu.o)
    0x08007ece   0x00000002   PAD
    0x08007ed0   0x00000030   Code   RO          924    x$fpl$fflt          fz_ws.l(fflt_clz.o)
    0x08007f00   0x00000026   Code   RO          923    x$fpl$ffltu         fz_ws.l(fflt_clz.o)
    0x08007f26   0x00000002   PAD
    0x08007f28   0x00000068   Code   RO          929    x$fpl$fleqf         fz_ws.l(fleqf.o)
    0x08007f90   0x00000102   Code   RO          931    x$fpl$fmul          fz_ws.l(fmul.o)
    0x08008092   0x0000008c   Code   RO          979    x$fpl$fnaninf       fz_ws.l(fnaninf.o)
    0x0800811e   0x0000000a   Code   RO          981    x$fpl$fretinf       fz_ws.l(fretinf.o)
    0x08008128   0x00000062   Code   RO          933    x$fpl$frleqf        fz_ws.l(frleqf.o)
    0x0800818a   0x00000014   Code   RO          904    x$fpl$frsb          fz_ws.l(faddsub_clz.o)
    0x0800819e   0x00000002   PAD
    0x080081a0   0x000000ea   Code   RO          905    x$fpl$fsub          fz_ws.l(faddsub_clz.o)
    0x0800828a   0x00000004   Code   RO          935    x$fpl$printf1       fz_ws.l(printf1.o)
    0x0800828e   0x00000064   Code   RO         1148    x$fpl$retnan        fz_ws.l(retnan.o)
    0x080082f2   0x0000005c   Code   RO          983    x$fpl$scalbn        fz_ws.l(scalbn.o)
    0x0800834e   0x00000030   Code   RO         1160    x$fpl$trapveneer    fz_ws.l(trapv.o)
    0x0800837e   0x00000000   Code   RO          985    x$fpl$usenofp       fz_ws.l(usenofp.o)
    0x0800837e   0x00000002   PAD
    0x08008380   0x0000009e   Data   RO          447    .constdata          inv_mpu.o
    0x0800841e   0x00000bf6   Data   RO          471    .constdata          inv_mpu_dmp_motion_driver.o
    0x08009014   0x00000004   PAD
    0x08009018   0x00000050   Data   RO          939    .constdata          m_ws.l(asin.o)
    0x08009068   0x00000098   Data   RO          988    .constdata          m_ws.l(atan.o)
    0x08009100   0x00000008   Data   RO         1002    .constdata          m_ws.l(qnan.o)
    0x08009108   0x00000094   Data   RO         1047    .constdata          c_w.l(bigflt0.o)
    0x0800919c   0x00000020   Data   RO         1230    Region$$Table       anon$$obj.o
    0x080091bc   0x0000001c   Data   RO         1075    locale$$data        c_w.l(lc_numeric_c.o)


    Execution Region RW_IRAM1 (Base: 0x20000000, Size: 0x00000868, Max: 0x00005000, ABSOLUTE, COMPRESSED[0x0000004c])

    Base Addr    Size         Type   Attr      Idx    E Section Name        Object

    0x20000000   0x00000030   Data   RW           11    .data               minibalance.o
    0x20000030   0x00000004   Data   RW          243    .data               delay.o
    0x20000034   0x00000004   Data   RW          277    .data               usart.o
    0x20000038   0x00000004   Data   RW          302    .data               led.o
    0x2000003c   0x00000007   Data   RW          315    .data               key.o
    0x20000043   0x00000001   PAD
    0x20000044   0x00000015   Data   RW          347    .data               usart3.o
    0x20000059   0x00000003   PAD
    0x2000005c   0x00000035   Data   RW          425    .data               control.o
    0x20000091   0x00000003   PAD
    0x20000094   0x0000002c   Data   RW          448    .data               inv_mpu.o
    0x200000c0   0x00000054   Data   RW          486    .data               filter.o
    0x20000114   0x0000003c   Data   RW          505    .data               mpu6050.o
    0x20000150   0x00000010   Zero   RW          470    .bss                inv_mpu_dmp_motion_driver.o
    0x20000160   0x00000010   Zero   RW          485    .bss                filter.o
    0x20000170   0x00000092   Zero   RW          504    .bss                mpu6050.o
    0x20000202   0x00000002   PAD
    0x20000204   0x00000060   Zero   RW         1087    .bss                c_w.l(libspace.o)
    0x20000264   0x00000004   PAD
    0x20000268   0x00000200   Zero   RW            2    HEAP                startup_stm32f10x_md.o
    0x20000468   0x00000400   Zero   RW            1    STACK               startup_stm32f10x_md.o


==============================================================================

Image component sizes


      Code (inc. data)   RO Data    RW Data    ZI Data      Debug   Object Name

       472         38          0          0          0        988   adc.o
      1904        252          0         53          0       3899   control.o
       172         10          0          4          0       1003   delay.o
       340         20          0          0          0        967   encoder.o
       776         86          0         84         16       1880   filter.o
      7800        172        158         44          0      20823   inv_mpu.o
      3428        124       3062          0         16      14631   inv_mpu_dmp_motion_driver.o
      1298         26          0          0          0       5394   ioi2c.o
       256         34          0          7          0       1024   key.o
       112         22          0          4          0        621   led.o
       436        122          0         48          0     207426   minibalance.o
       208         18          0          0          0        754   motor.o
      2268        452          0         60        146      20710   mpu6050.o
        56         22        236          0       1536        784   startup_stm32f10x_md.o
        26          0          0          0          0       1178   stm32f10x_it.o
       712         46          0          0          0       2715   sys.o
        92         10          0          0          0        542   timer.o
       264         24          0          4          0       2718   usart.o
       848         62          0         21          0       2023   usart3.o

    ----------------------------------------------------------------------
     21472       1540       3492        336       1716     290080   Object Totals
         0          0         32          0          0          0   (incl. Generated)
         4          0          4          7          2          0   (incl. Padding)

    ----------------------------------------------------------------------

      Code (inc. data)   RO Data    RW Data    ZI Data      Debug   Library Member Name

        58          0          0          0          0          0   __dczerorl.o
         8          0          0          0          0         68   __main.o
       104          0          0          0          0         84   __printf.o
        52          8          0          0          0          0   __scatter.o
        28          0          0          0          0          0   __scatter_zi.o
        48          6          0          0          0         96   _printf_char_common.o
        36          4          0          0          0         80   _printf_char_file.o
         6          0          0          0          0          0   _printf_d.o
       120         18          0          0          0         92   _printf_dec.o
         6          0          0          0          0          0   _printf_f.o
      1056          0          0          0          0        212   _printf_fp_dec.o
       128         16          0          0          0         84   _printf_fp_infnan.o
       184          0          0          0          0         88   _printf_intcommon.o
         0          0          0          0          0          0   _printf_percent.o
         4          0          0          0          0          0   _printf_percent_end.o
        22          0          0          0          0        100   _rserrno.o
        16          0          0          0          0         68   aeabi_memset.o
       228          6        148          0          0         96   bigflt0.o
      1910        128          0          0          0        672   btod.o
        12          0          0          0          0         72   exit.o
         8          0          0          0          0         68   ferror.o
         6          0          0          0          0        152   heapauxi.o
        44         10         28          0          0         76   lc_numeric_c.o
         2          0          0          0          0          0   libinit.o
        18          0          0          0          0          0   libinit2.o
         2          0          0          0          0          0   libshutdown.o
         2          0          0          0          0          0   libshutdown2.o
         8          4          0          0         96         68   libspace.o
        72          0          0          0          0         76   llsdiv.o
       138          0          0          0          0         80   lludiv10.o
       238          0          0          0          0        100   lludivv7m.o
        88          0          0          0          0         76   memcmp.o
        24          4          0          0          0         84   noretval__2printf.o
         8          4          0          0          0         68   rt_errno_addr_intlibspace.o
         8          4          0          0          0         68   rt_locale_intlibspace.o
        68          0          0          0          0         68   rt_memclr.o
        78          0          0          0          0         80   rt_memclr_w.o
         0          0          0          0          0          0   rtentry.o
        12          0          0          0          0          0   rtentry2.o
         6          0          0          0          0          0   rtentry4.o
         2          0          0          0          0          0   rtexit.o
        10          0          0          0          0          0   rtexit2.o
       128          0          0          0          0         68   strcmpv7m.o
        74          0          0          0          0         80   sys_stackheap_outer.o
         2          0          0          0          0         68   use_no_semi.o
         2          0          0          0          0         68   use_no_semi_2.o
        98          4          0          0          0         92   d2f.o
       826         16          0          0          0        356   daddsub_clz.o
        16          4          0          0          0         68   dcheck1.o
        24          0          0          0          0         68   dcmpi.o
       688        140          0          0          0        212   ddiv.o
        94          4          0          0          0         92   dfix.o
        38          0          0          0          0         68   dflt_clz.o
       120          4          0          0          0         92   dleqf.o
       340         12          0          0          0        104   dmul.o
       156          4          0          0          0         92   dnaninf.o
        12          0          0          0          0         68   dretinf.o
       460         56          0          0          0        120   dsqrt_noumaal.o
        86          4          0          0          0         84   f2d.o
       450          8          0          0          0        236   faddsub_clz.o
        24          0          0          0          0         68   fcmpi.o
       388         76          0          0          0         96   fdiv.o
       104          4          0          0          0         84   feqf.o
        54          4          0          0          0         84   ffix.o
        62          4          0          0          0         84   ffixu.o
        86          0          0          0          0        136   fflt_clz.o
       104          4          0          0          0         84   fleqf.o
       258          4          0          0          0         84   fmul.o
       140          4          0          0          0         84   fnaninf.o
        10          0          0          0          0         68   fretinf.o
        98          0          0          0          0         68   frleqf.o
         4          0          0          0          0         68   printf1.o
       100          0          0          0          0         68   retnan.o
        92          0          0          0          0         68   scalbn.o
        48          0          0          0          0         68   trapv.o
         0          0          0          0          0          0   usenofp.o
       636         52         80          0          0        168   asin.o
       548         70        152          0          0        124   atan.o
       384         38          0          0          0        144   atan2.o
        16          6          0          0          0         68   dunder.o
        40          0          0          0          0         68   fpclassify.o
       170          0          0          0          0         96   poly.o
         0          0          8          0          0          0   qnan.o
        78          0          0          0          0         84   sqrt.o

    ----------------------------------------------------------------------
     11956        734        416          0        100       6876   Library Totals
        30          0          0          0          4          0   (incl. Padding)

    ----------------------------------------------------------------------

      Code (inc. data)   RO Data    RW Data    ZI Data      Debug   Library Name

      5074        212        176          0         96       3160   c_w.l
      4980        356          0          0          0       2964   fz_ws.l
      1872        166        240          0          0        752   m_ws.l

    ----------------------------------------------------------------------
     11956        734        416          0        100       6876   Library Totals

    ----------------------------------------------------------------------

==============================================================================


      Code (inc. data)   RO Data    RW Data    ZI Data      Debug   

     33428       2274       3908        336       1816     291288   Grand Totals
     33428       2274       3908         76       1816     291288   ELF Image Totals (compressed)
     33428       2274       3908         76          0          0   ROM Totals

==============================================================================

    Total RO  Size (Code + RO Data)                37336 (  36.46kB)
    Total RW  Size (RW Data + ZI Data)              2152 (   2.10kB)
    Total ROM Size (Code + RO Data + RW Data)      37412 (  36.54kB)

==============================================================================

